To honour the JVM settings for this build a single-use Daemon process will be forked. For more on this, please refer to https://docs.gradle.org/9.2.1/userguide/gradle_daemon.html#sec:disabling_the_daemon in the Gradle documentation.
Daemon will be stopped at the end of the build 
Reusing configuration cache.
> Task :createMinecraftArtifacts UP-TO-DATE
> Task :compileJava

BUILD SUCCESSFUL in 9s
2 actionable tasks: 1 executed, 1 up-to-date
Configuration cache entry reused.
